1
2
3
4
5
6
7
8
9
11
12
13
14
15
16
17
18
19
expressions
4
9
case insensitivity
1
1
1
1
1
1
2
2
2
2
2
2
3
3
3
3
3
3
4
4
4
4
4
4
5
5
5
5
5
5
6
6
6
6
6
6
7
8
