pronoun
21
0
herherher
9
9
15
33

common variable
5
false
false
false
false
15
25

assignment
156
3
3

array
3
2
5
3

increment and decrement
3
5
4
2

function return
5
4
